ANSA网格优化器测试报告
==================================================

生成时间: 2025-07-07 12:33:01

总体测试结果:
--------------------
总测试数: 0
失败数: 0
错误数: 0
跳过数: 0
成功率: 0.00%
执行时间: 0.00秒

模块级测试结果:
------------------------------

tests.unit.test_config:
  测试数: 28
  失败数: 2
  错误数: 0
  执行时间: 0.01秒
  状态: 失败

tests.unit.test_mesh_optimizer:
  测试数: 10
  失败数: 4
  错误数: 0
  执行时间: 14.94秒
  状态: 失败

tests.unit.test_mesh_evaluator:
  测试数: 8
  失败数: 3
  错误数: 0
  执行时间: 2.10秒
  状态: 失败

tests.integration.test_cli_integration:
  测试数: 7
  失败数: 0
  错误数: 5
  执行时间: 0.01秒
  状态: 失败

tests.integration.test_batch_mesh_integration:
  测试数: 6
  失败数: 3
  错误数: 0
  执行时间: 6.60秒
  状态: 失败
